// Vitest Snapshot v1, https://vitest.dev/guide/snapshot.html

exports[`Test StoreItem Component > should create snapshot 1`] = `
{
  "asFragment": [Function],
  "baseElement": <body>
    <div>
      <div
        class="h-100 card"
      >
        <img
          class="card-img-top"
          height="200px"
          src="/imgs/book.jpg"
          style="object-fit: cover;"
        />
        <div
          class="d-flex flex-column card-body"
        >
          <div
            class="d-flex justify-content-between align-items-baseline mb-4 card-title h5"
          >
            <span
              class="fs-2"
            >
              Book
            </span>
            <span
              class="ms-2 text-muted"
            >
              10,99 $
            </span>
          </div>
          <div
            class="mt-auto"
          >
            <button
              class="w-100 btn btn-primary"
              data-testid="add-to-cart"
              type="button"
            >
              Add to Cart
            </button>
          </div>
        </div>
      </div>
    </div>
  </body>,
  "container": <div>
    <div
      class="h-100 card"
    >
      <img
        class="card-img-top"
        height="200px"
        src="/imgs/book.jpg"
        style="object-fit: cover;"
      />
      <div
        class="d-flex flex-column card-body"
      >
        <div
          class="d-flex justify-content-between align-items-baseline mb-4 card-title h5"
        >
          <span
            class="fs-2"
          >
            Book
          </span>
          <span
            class="ms-2 text-muted"
          >
            10,99 $
          </span>
        </div>
        <div
          class="mt-auto"
        >
          <button
            class="w-100 btn btn-primary"
            data-testid="add-to-cart"
            type="button"
          >
            Add to Cart
          </button>
        </div>
      </div>
    </div>
  </div>,
  "debug": [Function],
  "findAllByAltText": [Function],
  "findAllByDisplayValue": [Function],
  "findAllByLabelText": [Function],
  "findAllByPlaceholderText": [Function],
  "findAllByRole": [Function],
  "findAllByTestId": [Function],
  "findAllByText": [Function],
  "findAllByTitle": [Function],
  "findByAltText": [Function],
  "findByDisplayValue": [Function],
  "findByLabelText": [Function],
  "findByPlaceholderText": [Function],
  "findByRole": [Function],
  "findByTestId": [Function],
  "findByText": [Function],
  "findByTitle": [Function],
  "getAllByAltText": [Function],
  "getAllByDisplayValue": [Function],
  "getAllByLabelText": [Function],
  "getAllByPlaceholderText": [Function],
  "getAllByRole": [Function],
  "getAllByTestId": [Function],
  "getAllByText": [Function],
  "getAllByTitle": [Function],
  "getByAltText": [Function],
  "getByDisplayValue": [Function],
  "getByLabelText": [Function],
  "getByPlaceholderText": [Function],
  "getByRole": [Function],
  "getByTestId": [Function],
  "getByText": [Function],
  "getByTitle": [Function],
  "queryAllByAltText": [Function],
  "queryAllByDisplayValue": [Function],
  "queryAllByLabelText": [Function],
  "queryAllByPlaceholderText": [Function],
  "queryAllByRole": [Function],
  "queryAllByTestId": [Function],
  "queryAllByText": [Function],
  "queryAllByTitle": [Function],
  "queryByAltText": [Function],
  "queryByDisplayValue": [Function],
  "queryByLabelText": [Function],
  "queryByPlaceholderText": [Function],
  "queryByRole": [Function],
  "queryByTestId": [Function],
  "queryByText": [Function],
  "queryByTitle": [Function],
  "rerender": [Function],
  "unmount": [Function],
}
`;
